---
source: crates/syntax/src/parser/tests.rs
expression: errors
---
[31merror[0m: expected `pass`
[34m>[0m code:1
[34m|[0m 
[34m|[0m class T: [31;4ma[0m = b
[34m|[0m 


