---
source: crates/syntax/src/parser2/tests.rs
expression: module
---
Unary(
    Unary {
        op: Not,
        right: GetVar(
            GetVar {
                name: "a",
            },
        ),
    },
)
