---
source: src/internal/vm/tests.rs
expression: snapshot
---
# Source:
collect("a\nb\nc".lines())


# Result:
Object(
    [
        Object(
            "a",
        ),
        Object(
            "b",
        ),
        Object(
            "c",
        ),
    ],
)
