---
source: crates/emit/src/regalloc.rs
expression: "format!(\"registers={registers}\\n{mapping:#?}\")"
---
registers=2
[
    (
        0,
        0,
    ),
    (
        1,
        1,
    ),
    (
        2,
        0,
    ),
]
