---
source: src/syntax/parser/tests.rs
expression: errors
---
unknown meta method `unknown`
| fn [4;31m@unknown[0m(self): pass


