---
source: src/syntax/parser/tests.rs
expression: errors
---
meta methods must take `self`
| fn [4;31mmeta:str[0m


