---
source: src/syntax/parser/tests.rs
expression: module
---
Binary(
    Binary {
        op: Less,
        left: GetVar(
            GetVar {
                name: "a",
            },
        ),
        right: GetVar(
            GetVar {
                name: "b",
            },
        ),
    },
)
