---
source: crates/diag/src/report/tests.rs
expression: report.emit_to_string().unwrap()
---
error: mismatched type
> test.hebi:1
| 
| let x: Foo = Bar {
|   a: 0,
|   ...
|   g: 0,
| };
| 
+ expected `Foo`, found `Bar`

