---
source: src/vm/tests.rs
expression: snapshot
---
# Source:
from test import test
test("yo")


# Result:
Object(
    "yo",
)
