---
source: src/vm/tests.rs
expression: snapshot
---
# Source:
class T:
  v = 10
class U(T):
  pass
U().v


# Result:
Int(
    10,
)
