---
source: src/vm/tests.rs
expression: snapshot
---
# Source:
v := none
!v


# Result:
Ok(
    Bool(
        true,
    ),
)
