---
source: src/vm/tests.rs
expression: snapshot
---
# Source:
class T:
  v = 0
  fn test_0(self): pass
  fn test_1(self): pass
class U(T): pass
U


# Result:
Object(
    ClassType {
        name: "U",
        init: None,
        fields: {
            "v": Int(
                0,
            ),
        },
        methods: {
            "test_0": Function {
                descriptor: FunctionDescriptor {
                    name: "test_0",
                    params: Params {
                        has_self: true,
                        min: 0,
                        max: 0,
                    },
                    upvalues: RefCell {
                        value: [],
                    },
                    frame_size: 1,
                    instructions: 2,
                    constants: 0,
                },
                upvalues: [],
                module_id: ModuleId(
                    None,
                ),
            },
            "test_1": Function {
                descriptor: FunctionDescriptor {
                    name: "test_1",
                    params: Params {
                        has_self: true,
                        min: 0,
                        max: 0,
                    },
                    upvalues: RefCell {
                        value: [],
                    },
                    frame_size: 1,
                    instructions: 2,
                    constants: 0,
                },
                upvalues: [],
                module_id: ModuleId(
                    None,
                ),
            },
        },
        parent: Some(
            ClassType {
                name: "T",
                init: None,
                fields: {
                    "v": Int(
                        0,
                    ),
                },
                methods: {
                    "test_0": Function {
                        descriptor: FunctionDescriptor {
                            name: "test_0",
                            params: Params {
                                has_self: true,
                                min: 0,
                                max: 0,
                            },
                            upvalues: RefCell {
                                value: [],
                            },
                            frame_size: 1,
                            instructions: 2,
                            constants: 0,
                        },
                        upvalues: [],
                        module_id: ModuleId(
                            None,
                        ),
                    },
                    "test_1": Function {
                        descriptor: FunctionDescriptor {
                            name: "test_1",
                            params: Params {
                                has_self: true,
                                min: 0,
                                max: 0,
                            },
                            upvalues: RefCell {
                                value: [],
                            },
                            frame_size: 1,
                            instructions: 2,
                            constants: 0,
                        },
                        upvalues: [],
                        module_id: ModuleId(
                            None,
                        ),
                    },
                },
                parent: None,
            },
        ),
    },
)
