---
source: src/vm/tests.rs
expression: snapshot
---
# Source:
from test import value
value


# Result:
Int(
    100,
)
