---
source: src/tests/loops.rs
expression: snapshot
---
# Modules:


# Input:
i := 0
loop:
  if i >= 10:
    break
  print i
  i += 1


# Result (success):
true

# Stdout:
0
1
2
3
4
5
6
7
8
9


