---
source: src/tests/simple.rs
expression: snapshot
---
# Modules:


# Input:
2 <= 2

# Result (success):
true

# Stdout:


