---
source: src/tests/simple.rs
expression: snapshot
---
# Modules:


# Input:
true || false

# Result (success):
true

# Stdout:


