---
source: src/tests/class_methods.rs
expression: snapshot
---
# Modules:


# Input:
class T:
  fn test():
    print "test"

T.test()


# Result (success):
none

# Stdout:
test


