---
source: crates/vm/src/tests.rs
expression: snapshot
---
# Input:
v := { a: {} }
print v.a.b


# Result (error):
[31merror[0m in code: undefined field "b"


# Stdout:

